UserLogger:INFO:2025-11-24 09:08:44,310:Message reçu de l'utilisateur: C:\Python313\python.exe c:/PythonLearning/SandBox.py
UserLogger:DEBUG:2025-11-24 09:08:44,312:Message normal traité: C:\Python313\python.exe c:/PythonLearning/SandBox....
UserLogger:INFO:2025-11-24 09:08:46,135:Message reçu de l'utilisateur: C:\Python313\python.exe c:/PythonLearning/SandBox.py
UserLogger:DEBUG:2025-11-24 09:08:46,135:Message normal traité: C:\Python313\python.exe c:/PythonLearning/SandBox....
UserLogger:INFO:2025-11-24 09:09:52,829:Message reçu de l'utilisateur: C:\Python313\python.exe c:/PythonLearning/SandBox.py
UserLogger:DEBUG:2025-11-24 09:09:52,830:Message normal traité: C:\Python313\python.exe c:/PythonLearning/SandBox....
UserLogger:INFO:2025-11-24 09:10:48,215:Message reçu de l'utilisateur: C:\Python313\python.exe c:/PythonLearning/SandBox.py
UserLogger:DEBUG:2025-11-24 09:10:48,215:Message normal traité: C:\Python313\python.exe c:/PythonLearning/SandBox....
UserLogger:INFO:2025-11-24 09:10:49,861:Message reçu de l'utilisateur: C:\Python313\python.exe c:/PythonLearning/SandBox.py
UserLogger:DEBUG:2025-11-24 09:10:49,862:Message normal traité: C:\Python313\python.exe c:/PythonLearning/SandBox....
UserLogger:INFO:2025-11-24 09:10:52,059:Message reçu de l'utilisateur: C:\Python313\python.exe c:/PythonLearning/SandBox.py
UserLogger:DEBUG:2025-11-24 09:10:52,059:Message normal traité: C:\Python313\python.exe c:/PythonLearning/SandBox....
UserLogger:INFO:2025-11-24 09:10:53,566:Message reçu de l'utilisateur: C:\Python313\python.exe c:/PythonLearning/SandBox.py
UserLogger:DEBUG:2025-11-24 09:10:53,567:Message normal traité: C:\Python313\python.exe c:/PythonLearning/SandBox....
UserLogger:INFO:2025-11-24 09:10:53,765:Message reçu de l'utilisateur: C:\Python313\python.exe c:/PythonLearning/SandBox.py
UserLogger:DEBUG:2025-11-24 09:10:53,765:Message normal traité: C:\Python313\python.exe c:/PythonLearning/SandBox....
UserLogger:INFO:2025-11-24 09:10:53,927:Message reçu de l'utilisateur: C:\Python313\python.exe c:/PythonLearning/SandBox.py
UserLogger:DEBUG:2025-11-24 09:10:53,928:Message normal traité: C:\Python313\python.exe c:/PythonLearning/SandBox....
UserLogger:INFO:2025-11-24 09:10:54,094:Message reçu de l'utilisateur: C:\Python313\python.exe c:/PythonLearning/SandBox.py
UserLogger:DEBUG:2025-11-24 09:10:54,094:Message normal traité: C:\Python313\python.exe c:/PythonLearning/SandBox....
UserLogger:INFO:2025-11-24 09:10:54,314:Message reçu de l'utilisateur: C:\Python313\python.exe c:/PythonLearning/SandBox.py
UserLogger:DEBUG:2025-11-24 09:10:54,315:Message normal traité: C:\Python313\python.exe c:/PythonLearning/SandBox....
UserLogger:INFO:2025-11-24 09:10:56,489:Message reçu de l'utilisateur: C:\Python313\python.exe c:/PythonLearning/SandBox.py
UserLogger:DEBUG:2025-11-24 09:10:56,489:Message normal traité: C:\Python313\python.exe c:/PythonLearning/SandBox....
UserLogger:INFO:2025-11-24 09:11:18,543:Message reçu de l'utilisateur: C:\Python313\python.exe c:/PythonLearning/LOGGING/test_logger.py
UserLogger:DEBUG:2025-11-24 09:11:18,543:Message normal traité: C:\Python313\python.exe c:/PythonLearning/LOGGING/...
UserLogger:INFO:2025-11-24 09:11:20,117:Message reçu de l'utilisateur: C:\Python313\python.exe c:/PythonLearning/LOGGING/test_logger.py
UserLogger:DEBUG:2025-11-24 09:11:20,117:Message normal traité: C:\Python313\python.exe c:/PythonLearning/LOGGING/...
UserLogger:INFO:2025-11-24 09:11:23,634:Message reçu de l'utilisateur: C:\Python313\python.exe c:/PythonLearning/LOGGING/test_logger.py
UserLogger:DEBUG:2025-11-24 09:11:23,634:Message normal traité: C:\Python313\python.exe c:/PythonLearning/LOGGING/...
UserLogger:INFO:2025-11-24 09:11:36,826:Message reçu de l'utilisateur: 
UserLogger:WARNING:2025-11-24 09:11:36,826:Message vide détecté!
UserLogger:INFO:2025-12-04 16:26:04,254:Message reçu de l'utilisateur: caca
UserLogger:DEBUG:2025-12-04 16:26:04,256:Message normal traité: caca...
